Provider Monthly Summary (Current Month)
Error loading provider monthly summary: get_provider_performance_metrics() missing 2 required positional arguments: 'start_date' and 'end_date'

and 

Role-based Patient Assignment Management
Assignment Role

Provider
Error loading assignees: no such column: role_id

(TraeAI-6) D:\Git\myhealthteam2\Dev [1:0] $ cd d:\Git\myhealthteam2\Dev && python -m streamlit run app.py --server.port 8502 --server.address localhost

  You can now view your Streamlit app in your browser.

  URL: http://localhost:8502

2025-12-01 15:54:06.516 `label` got an empty value. This is discouraged for accessibility reasons and may be disallowed in the future by raising an exception. Please provide a non-empty label and hide it with label_visibility if needed.
2025-12-01 15:54:06.517 `label` got an empty value. This is discouraged for accessibility reasons and may be disallowed in the future by raising an exception. Please provide a non-empty label and hide it with label_visibility if needed.
2025-12-01 15:54:14.813 Serialization of dataframe to Arrow table was unsuccessful. Applying automatic fixes for column types to make the dataframe Arrow-compatible.
Traceback (most recent call last):
  File "C:\Users\Harpreet\AppData\Roaming\Python\Python313\site-packages\streamlit\dataframe_util.py", line 822, in convert_pandas_df_to_arrow_bytes
    table = pa.Table.from_pandas(df)
  File "pyarrow\\table.pxi", line 4751, in pyarrow.lib.Table.from_pandas
  File "C:\Users\Harpreet\AppData\Roaming\Python\Python313\site-packages\pyarrow\pandas_compat.py", line 639, in dataframe_to_arrays
    arrays = [convert_column(c, f)
              ~~~~~~~~~~~~~~^^^^^^
  File "C:\Users\Harpreet\AppData\Roaming\Python\Python313\site-packages\pyarrow\pandas_compat.py", line 626, in convert_column
    raise e
  File "C:\Users\Harpreet\AppData\Roaming\Python\Python313\site-packages\pyarrow\pandas_compat.py", line 620, in convert_column
    result = pa.array(col, type=type_, from_pandas=True, safe=safe)
  File "pyarrow\\array.pxi", line 362, in pyarrow.lib.array
  File "pyarrow\\array.pxi", line 87, in pyarrow.lib._ndarray_to_array
  File "pyarrow\\error.pxi", line 92, in pyarrow.lib.check_status
pyarrow.lib.ArrowInvalid: ("Could not convert 'Cedar' with type str: tried to convert to int64", 'Conversion failed for column current_facility_id with type object')
2025-12-01 15:54:16.229 `label` got an empty value. This is discouraged for accessibility reasons and may be disallowed in the future by raising an exception. Please provide a non-empty label and hide it with label_visibility if needed.
2025-12-01 15:54:16.231 `label` got an empty value. This is discouraged for accessibility reasons and may be disallowed in the future by raising an exception. Please provide a non-empty label and hide it with label_visibility if needed.
2025-12-01 15:54:23.522 Serialization of dataframe to Arrow table was unsuccessful. Applying automatic fixes for column types to make the dataframe Arrow-compatible.
Traceback (most recent call last):
  File "C:\Users\Harpreet\AppData\Roaming\Python\Python313\site-packages\streamlit\dataframe_util.py", line 822, in convert_pandas_df_to_arrow_bytes
    table = pa.Table.from_pandas(df)
  File "pyarrow\\table.pxi", line 4751, in pyarrow.lib.Table.from_pandas
  File "C:\Users\Harpreet\AppData\Roaming\Python\Python313\site-packages\pyarrow\pandas_compat.py", line 639, in dataframe_to_arrays
    arrays = [convert_column(c, f)
              ~~~~~~~~~~~~~~^^^^^^
  File "C:\Users\Harpreet\AppData\Roaming\Python\Python313\site-packages\pyarrow\pandas_compat.py", line 626, in convert_column
    raise e
  File "C:\Users\Harpreet\AppData\Roaming\Python\Python313\site-packages\pyarrow\pandas_compat.py", line 620, in convert_column
    result = pa.array(col, type=type_, from_pandas=True, safe=safe)
  File "pyarrow\\array.pxi", line 362, in pyarrow.lib.array
  File "pyarrow\\array.pxi", line 87, in pyarrow.lib._ndarray_to_array
  File "pyarrow\\error.pxi", line 92, in pyarrow.lib.check_status
pyarrow.lib.ArrowInvalid: ("Could not convert 'Cedar' with type str: tried to convert to int64", 'Conversion failed for column current_facility_id with type object')
